[backblue.gif]
[fade.gif]
[index.html]
[s3.amazonaws.com/uifaces/faces/twitter/kolage/48.jpg]
[s3.amazonaws.com/uifaces/faces/twitter/kolage/128.jpg]
[s3.amazonaws.com/uifaces/faces/twitter/alagoon/48.jpg]
[s3.amazonaws.com/uifaces/faces/twitter/mijustin/128.jpg]
[swlabs.co/madmin/code/js/jquery-1.10.2.min.js]
[swlabs.co/madmin/code/js/jquery-migrate-1.2.1.min.js]
[swlabs.co/madmin/code/js/jquery-ui.js]
[swlabs.co/madmin/code/vendors/bootstrap/js/bootstrap.min.js]
[swlabs.co/madmin/code/vendors/bootstrap-hover-dropdown/bootstrap-hover-dropdown.js]
[swlabs.co/madmin/code/js/html5shiv.js]
[swlabs.co/madmin/code/js/respond.min.js]
[swlabs.co/madmin/code/vendors/metisMenu/jquery.metisMenu.js]
[swlabs.co/madmin/code/vendors/slimScroll/jquery.slimscroll.js]
[swlabs.co/madmin/code/vendors/jquery-cookie/jquery.cookie.js]
[swlabs.co/madmin/code/vendors/iCheck/icheck.min.js]
[swlabs.co/madmin/code/vendors/iCheck/custom.min.js]
[swlabs.co/madmin/code/vendors/jquery-notific8/jquery.notific8.min.js]
[swlabs.co/madmin/code/vendors/jquery-highcharts/highcharts.js]
[swlabs.co/madmin/code/js/jquery.menu.js]
[swlabs.co/madmin/code/vendors/jquery-pace/pace.min.js]
[swlabs.co/madmin/code/vendors/holder/holder.js]
[swlabs.co/madmin/code/vendors/responsive-tabs/responsive-tabs.js]
[swlabs.co/madmin/code/vendors/jquery-news-ticker/jquery.newsTicker.min.js]
[swlabs.co/madmin/code/vendors/moment/moment.js]
[swlabs.co/madmin/code/vendors/bootstrap-datepicker/js/bootstrap-datepicker.js]
[swlabs.co/madmin/code/vendors/bootstrap-daterangepicker/daterangepicker.js]
[swlabs.co/madmin/code/js/main.js]
[swlabs.co/madmin/code/vendors/intro.js/intro.js]
[swlabs.co/madmin/code/vendors/flot-chart/jquery.flot.js]
[swlabs.co/madmin/code/vendors/flot-chart/jquery.flot.categories.js]
[swlabs.co/madmin/code/vendors/flot-chart/jquery.flot.pie.js]
[swlabs.co/madmin/code/vendors/flot-chart/jquery.flot.tooltip.js]
[swlabs.co/madmin/code/vendors/flot-chart/jquery.flot.resize.js]
[swlabs.co/madmin/code/vendors/flot-chart/jquery.flot.fillbetween.js]
[swlabs.co/madmin/code/vendors/flot-chart/jquery.flot.stack.js]
[swlabs.co/madmin/code/vendors/flot-chart/jquery.flot.spline.js]
[swlabs.co/madmin/code/vendors/calendar/zabuto_calendar.min.js]
[swlabs.co/madmin/code/vendors/sco.message/sco.message.js]
[swlabs.co/madmin/code/js/index.js]
[www.google-analytics.com/analytics.js]
[swlabs.co/madmin/code/index.html]
[swlabs.co/madmin/code/images/icons/favicon.html]
[swlabs.co/madmin/code/images/icons/favicon-2.html]
[swlabs.co/madmin/code/images/icons/favicon-72x72.html]
[swlabs.co/madmin/code/images/icons/favicon-114x114.html]
[swlabs.co/madmin/code/vendors/jquery-ui-1.10.4.custom/css/ui-lightness/jquery-ui-1.10.4.custom.min.css]
[swlabs.co/madmin/code/vendors/font-awesome/fonts/fontawesome-webfont862f.eot]
[swlabs.co/madmin/code/vendors/font-awesome/fonts/fontawesome-webfontd41d.eot]
[swlabs.co/madmin/code/vendors/font-awesome/fonts/fontawesome-webfont862f.woff]
[swlabs.co/madmin/code/vendors/font-awesome/fonts/fontawesome-webfont862f.ttf]
[swlabs.co/madmin/code/vendors/font-awesome/css/font-awesome.min.css]
[swlabs.co/madmin/code/vendors/bootstrap/fonts/glyphicons-halflings-regular.eot]
[swlabs.co/madmin/code/vendors/bootstrap/fonts/glyphicons-halflings-regular.woff]
[swlabs.co/madmin/code/vendors/bootstrap/fonts/glyphicons-halflings-regulard41d.eot]
[swlabs.co/madmin/code/vendors/bootstrap/fonts/glyphicons-halflings-regular.ttf]
[swlabs.co/madmin/code/vendors/bootstrap/css/bootstrap.min.css]
[swlabs.co/madmin/code/vendors/intro.js/introjs.css]
[swlabs.co/madmin/code/vendors/calendar/zabuto_calendar.min.css]
[swlabs.co/madmin/code/vendors/sco.message/sco.message.css]
[swlabs.co/madmin/code/vendors/animate.css/animate.css]
[swlabs.co/madmin/code/vendors/jquery-pace/pace.css]
[swlabs.co/madmin/code/vendors/iCheck/skins/all.css]
[swlabs.co/madmin/code/vendors/jquery-notific8/jquery.notific8.min.css]
[swlabs.co/madmin/code/vendors/bootstrap-daterangepicker/daterangepicker-bs3.css]
[swlabs.co/madmin/code/images/gallery/13.jpg]
[swlabs.co/madmin/code/images/bg/1.jpg]
[swlabs.co/madmin/code/images/bg/2.jpg]
[swlabs.co/madmin/code/images/bg/3.jpg]
[swlabs.co/madmin/code/css/themes/style1/orange-blue.css]
[swlabs.co/madmin/code/css/style-responsive.css]
[swlabs.co/madmin/code/index-2.html]
[swlabs.co/madmin/code/layout-left-sidebar.html]
[swlabs.co/madmin/code/layout-right-sidebar.html]
[swlabs.co/madmin/code/layout-left-sidebar-collapsed.html]
[swlabs.co/madmin/code/layout-right-sidebar-collapsed.html]
[s3.amazonaws.com/uifaces/faces/twitter/dominikmartn/128.jpg]
[s3.amazonaws.com/uifaces/faces/twitter/wdeb/128.jpg]
[s3.amazonaws.com/uifaces/faces/twitter/jonatan/128.jpg]
[s3.amazonaws.com/uifaces/faces/twitter/geeftvorm/128.jpg]
[s3.amazonaws.com/uifaces/faces/twitter/aaroni/128.jpg]
[s3.amazonaws.com/uifaces/faces/twitter/osvaldas/128.jpg]
[s3.amazonaws.com/uifaces/faces/twitter/calebogden/128.jpg]
[s3.amazonaws.com/uifaces/faces/twitter/andrewcohen/128.jpg]
[s3.amazonaws.com/uifaces/faces/twitter/chexee/128.jpg]
[s3.amazonaws.com/uifaces/faces/twitter/adellecharles/128.jpg]
[s3.amazonaws.com/uifaces/faces/twitter/kurafire/128.jpg]
[s3.amazonaws.com/uifaces/faces/twitter/ok/128.jpg]
[s3.amazonaws.com/uifaces/faces/twitter/kfriedson/128.jpg]
[swlabs.co/madmin/code/extra-user-list.html]
[swlabs.co/madmin/code/images/gallery/1.jpg]
[swlabs.co/madmin/code/images/gallery/2.jpg]
[swlabs.co/madmin/code/images/gallery/3.jpg]
[swlabs.co/madmin/code/email-view-mail.html]
[swlabs.co/madmin/code/images/blogs/blog_item1.jpg]
[swlabs.co/madmin/code/images/blogs/1.jpg]
[swlabs.co/madmin/code/images/blogs/2.jpg]
[swlabs.co/madmin/code/images/blogs/3.jpg]
[swlabs.co/madmin/code/images/blogs/4.jpg]
[swlabs.co/madmin/code/images/blogs/5.jpg]
[swlabs.co/madmin/code/images/blogs/6.jpg]
[swlabs.co/madmin/code/images/blogs/7.jpg]
[swlabs.co/madmin/code/images/blogs/8.jpg]
[swlabs.co/madmin/code/images/blogs/9.jpg]
[swlabs.co/madmin/code/images/blogs/10.jpg]
[swlabs.co/madmin/code/images/blogs/11.jpg]
[swlabs.co/madmin/code/images/blogs/12.jpg]
[swlabs.co/madmin/code/vendors/lightbox/js/lightbox.min.js]
[swlabs.co/madmin/code/page-blog-item.html]
[s3.amazonaws.com/uifaces/faces/twitter/oliveirasimoes/128.jpg]
[s3.amazonaws.com/uifaces/faces/twitter/uxceo/48.jpg]
[s3.amazonaws.com/uifaces/faces/twitter/rssems/48.jpg]
[swlabs.co/madmin/code/images/gallery/media4.jpg]
[s3.amazonaws.com/uifaces/faces/twitter/claudioguglieri/48.jpg]
[swlabs.co/madmin/code/images/gallery/media5.jpg]
[s3.amazonaws.com/uifaces/faces/twitter/jackmcdade/48.jpg]
[swlabs.co/madmin/code/images/gallery/media1.jpg]
[swlabs.co/madmin/code/images/gallery/media2.jpg]
[swlabs.co/madmin/code/images/gallery/media3.jpg]
[s3.amazonaws.com/uifaces/faces/twitter/dominikmartn/48.jpg]
[swlabs.co/madmin/code/js/extra-profile.js]
[swlabs.co/madmin/code/extra-profile.html]
[swlabs.co/madmin/code/vendors/fullcalendar/fullcalendar.min.js]
[swlabs.co/madmin/code/js/page-calendar.js]
[swlabs.co/madmin/code/page-calendar.html]
[swlabs.co/madmin/code/js/email-inbox.js]
[swlabs.co/madmin/code/email-inbox.html]
[swlabs.co/madmin/code/extra-lock-screen.html]
[swlabs.co/madmin/code/extra-signin.html]
[swlabs.co/images/demo/index.png]
[swlabs.co/images/demo/index_2.png]
[swlabs.co/images/demo/index_3.png]
[swlabs.co/images/demo/index_4.png]
[swlabs.co/images/demo/index_animated.png]
[swlabs.co/images/demo/index_2_animated.png]
[swlabs.co/images/demo/index_3_animated.png]
[swlabs.co/images/demo/index_4_animated.png]
[swlabs.co/images/demo/index_dark.png]
[swlabs.co/images/demo/index_2_dark.png]
[swlabs.co/images/demo/index_3_dark.png]
[swlabs.co/images/demo/index_4_dark.png]
[swlabs.co/images/demo/index_animated_dark.png]
[swlabs.co/images/demo/index_2_animated_dark.png]
[swlabs.co/images/demo/index_3_animated_dark.png]
[swlabs.co/images/demo/index_4_animated_dark.png]
[swlabs.co/madmin/code/frontend-one-page.html]
[swlabs.co/madmin/code/layout-horizontal-menu.html]
[swlabs.co/madmin/code/layout-horizontal-menu-sidebar.html]
[swlabs.co/madmin/code/layout-fixed-topbar.html]
[swlabs.co/madmin/code/layout-boxed.html]
[swlabs.co/madmin/code/layout-hidden-footer.html]
[swlabs.co/madmin/code/layout-header-topbar.html]
[swlabs.co/madmin/code/layout-title-breadcrumb.html]
[swlabs.co/madmin/code/js/ui-generals.js]
[swlabs.co/madmin/code/ui-generals.html]
[swlabs.co/madmin/code/js/ui-portlets.js]
[swlabs.co/madmin/code/ui-portlets.html]
[swlabs.co/madmin/code/ui-buttons.html]
[swlabs.co/madmin/code/js/ui-tabs.js]
[swlabs.co/madmin/code/ui-tabs.html]
[swlabs.co/madmin/code/vendors/bootstrap-progressbar/bootstrap-progressbar.min.js]
[swlabs.co/madmin/code/js/ui-progressbars.js]
[swlabs.co/madmin/code/ui-progressbars.html]
[swlabs.co/madmin/code/ui-typography.html]
[i.imgur.com/KwPYo.jpg]
[swlabs.co/madmin/code/ui-modals.html]
[swlabs.co/madmin/code/vendors/ion.rangeSlider/js/ion.rangeSlider.min.js]
[swlabs.co/madmin/code/vendors/nouislider/jquery.nouislider.min.js]
[swlabs.co/madmin/code/js/ui-sliders.js]
[swlabs.co/madmin/code/ui-sliders.html]
[swlabs.co/madmin/code/ui-icons.html]
[swlabs.co/madmin/code/js/ui-checkbox-radio.js]
[swlabs.co/madmin/code/ui-checkbox-radio.html]
[swlabs.co/madmin/code/ui-panels.html]
[swlabs.co/madmin/code/vendors/pageloader/images/loader1.gif]
[swlabs.co/madmin/code/vendors/pageloader/images/loader2.gif]
[swlabs.co/madmin/code/vendors/pageloader/images/loader3.gif]
[swlabs.co/madmin/code/vendors/pageloader/images/loader4.gif]
[swlabs.co/madmin/code/vendors/pageloader/images/loader5.gif]
[swlabs.co/madmin/code/vendors/pageloader/images/loader6.gif]
[swlabs.co/madmin/code/vendors/pageloader/images/loader7.gif]
[swlabs.co/madmin/code/vendors/pageloader/images/loader8.gif]
[swlabs.co/madmin/code/vendors/pageloader/images/loader9.gif]
[swlabs.co/madmin/code/vendors/pageloader/images/loader10.gif]
[swlabs.co/madmin/code/vendors/pageloader/images/loader11.gif]
[swlabs.co/madmin/code/vendors/pageloader/images/loader12.gif]
[swlabs.co/madmin/code/vendors/pageloader/images/loader13.gif]
[swlabs.co/madmin/code/vendors/pageloader/images/loader14.gif]
[swlabs.co/madmin/code/vendors/pageloader/images/loader16.gif]
[swlabs.co/madmin/code/vendors/pageloader/images/loader17.gif]
[swlabs.co/madmin/code/js/ui-notific8.js]
[swlabs.co/madmin/code/ui-preloader.html]
[swlabs.co/madmin/code/vendors/bootstrap-markdown/js/bootstrap-markdown.js]
[swlabs.co/madmin/code/vendors/bootstrap-wysihtml5/bootstrap3-wysihtml5.all.min.js]
[swlabs.co/madmin/code/vendors/ckeditor/ckeditor.js]
[swlabs.co/madmin/code/vendors/summernote/summernote.js]
[swlabs.co/madmin/code/js/ui-editors.js]
[swlabs.co/madmin/code/ui-editors.html]
[swlabs.co/madmin/code/vendors/jquery-nestable/jquery.nestable.js]
[swlabs.co/madmin/code/js/ui-nestable-list.js]
[swlabs.co/madmin/code/ui-nestable-list.html]
[swlabs.co/madmin/code/vendors/select2/select2.min.js]
[swlabs.co/madmin/code/vendors/bootstrap-select/bootstrap-select.min.js]
[swlabs.co/madmin/code/vendors/multi-select/js/jquery.multi-select.js]
[swlabs.co/madmin/code/js/ui-dropdown-select.js]
[swlabs.co/madmin/code/ui-dropdown-select.html]
[swlabs.co/madmin/code/vendors/jquery-notific8/notific8.js]
[swlabs.co/madmin/code/ui-notific8-notifications.html]
[swlabs.co/madmin/code/vendors/jquery-toastr/toastr.min.js]
[swlabs.co/madmin/code/js/ui-toastr-notifications.js]
[swlabs.co/madmin/code/ui-toastr-notifications.html]
[swlabs.co/madmin/code/vendors/jstree/dist/jstree.min.js]
[swlabs.co/madmin/code/vendors/jquery-treetable/javascripts/src/jquery.treetable.js]
[swlabs.co/madmin/code/js/ui-treeview.js]
[swlabs.co/madmin/code/ui-treeview.html]
[swlabs.co/madmin/code/form-layouts.html]
[swlabs.co/madmin/code/form-basic.html]
[swlabs.co/madmin/code/vendors/bootstrap-datetimepicker/build/js/bootstrap-datetimepicker.min.js]
[swlabs.co/madmin/code/vendors/bootstrap-timepicker/js/bootstrap-timepicker.js]
[swlabs.co/madmin/code/vendors/bootstrap-clockface/js/clockface.js]
[swlabs.co/madmin/code/vendors/bootstrap-colorpicker/js/bootstrap-colorpicker.js]
[swlabs.co/madmin/code/vendors/bootstrap-switch/js/bootstrap-switch.min.js]
[swlabs.co/madmin/code/vendors/jquery-maskedinput/jquery-maskedinput.js]
[swlabs.co/madmin/code/vendors/charCount.js]
[swlabs.co/madmin/code/js/form-components.js]
[swlabs.co/madmin/code/form-components.html]
[swlabs.co/madmin/code/vendors/x-editable/jquery.mockjax.js]
[swlabs.co/madmin/code/js/moment.min.js]
[swlabs.co/madmin/code/vendors/x-editable/select2/lib/select2.js]
[swlabs.co/madmin/code/vendors/x-editable/bootstrap3-editable/js/bootstrap-editable.min.js]
[swlabs.co/madmin/code/vendors/x-editable/inputs-ext/typeaheadjs/lib/typeahead.js]
[swlabs.co/madmin/code/vendors/x-editable/inputs-ext/typeaheadjs/typeaheadjs.js]
[swlabs.co/madmin/code/vendors/x-editable/inputs-ext/wysihtml5/wysihtml5.js]
[swlabs.co/madmin/code/vendors/x-editable/inputs-ext/address/address.js]
[swlabs.co/madmin/code/vendors/x-editable/demo-mock.js]
[swlabs.co/madmin/code/js/form-xeditable.js]
[swlabs.co/madmin/code/form-xeditable.html]
[swlabs.co/madmin/code/vendors/jquery-validate/jquery.validate.min.js]
[swlabs.co/madmin/code/vendors/jquery-steps/js/jquery.steps.min.js]
[swlabs.co/madmin/code/vendors/jquery-bootstrap-wizard/jquery.bootstrap.wizard.min.js]
[swlabs.co/madmin/code/js/form-wizard.js]
[swlabs.co/madmin/code/form-wizard.html]
[swlabs.co/madmin/code/js/form-validation.js]
[swlabs.co/madmin/code/form-validation.html]
[swlabs.co/madmin/code/vendors/jquery-file-upload/js/vendor/jquery.ui.widget.js]
[swlabs.co/madmin/code/vendors/jquery-file-upload/js/vendor/tmpl.min.js]
[swlabs.co/madmin/code/vendors/jquery-file-upload/js/vendor/load-image.min.js]
[swlabs.co/madmin/code/vendors/jquery-file-upload/js/vendor/canvas-to-blob.min.js]
[swlabs.co/madmin/code/vendors/jquery-file-upload/js/vendor/jquery.blueimp-gallery.min.js]
[swlabs.co/madmin/code/vendors/jquery-file-upload/js/jquery.iframe-transport.js]
[swlabs.co/madmin/code/vendors/jquery-file-upload/js/jquery.fileupload.js]
[swlabs.co/madmin/code/vendors/jquery-file-upload/js/jquery.fileupload-process.js]
[swlabs.co/madmin/code/vendors/jquery-file-upload/js/jquery.fileupload-image.js]
[swlabs.co/madmin/code/vendors/jquery-file-upload/js/jquery.fileupload-audio.js]
[swlabs.co/madmin/code/vendors/jquery-file-upload/js/jquery.fileupload-video.js]
[swlabs.co/madmin/code/vendors/jquery-file-upload/js/jquery.fileupload-validate.js]
[swlabs.co/madmin/code/vendors/jquery-file-upload/js/jquery.fileupload-ui.js]
[swlabs.co/madmin/code/vendors/jquery-file-upload/js/cors/jquery.xdr-transport.js]
[swlabs.co/madmin/code/js/form-multiple-file-upload.js]
[swlabs.co/madmin/code/form-multiple-file-upload.html]
[swlabs.co/madmin/code/vendors/dropzone/js/dropzone.js]
[swlabs.co/madmin/code/js/form-dropzone-file-upload.js]
[swlabs.co/madmin/code/form-dropzone-file-upload.html]
[swlabs.co/madmin/code/table-basic.html]
[swlabs.co/madmin/code/table-responsive.html]
[swlabs.co/madmin/code/js/table-action.js]
[swlabs.co/madmin/code/table-action.html]
[swlabs.co/madmin/code/js/table-filter.js]
[swlabs.co/madmin/code/table-filter.html]
[swlabs.co/madmin/code/vendors/jquery-tablesorter/jquery.tablesorter.js]
[swlabs.co/madmin/code/js/table-advanced.js]
[swlabs.co/madmin/code/table-advanced.html]
[swlabs.co/madmin/code/vendors/tableExport/icon/json.png]
[swlabs.co/madmin/code/vendors/tableExport/icon/xml.png]
[swlabs.co/madmin/code/vendors/tableExport/icon/sql.png]
[swlabs.co/madmin/code/vendors/tableExport/icon/csv.png]
[swlabs.co/madmin/code/vendors/tableExport/icon/txt.png]
[swlabs.co/madmin/code/vendors/tableExport/icon/xls.png]
[swlabs.co/madmin/code/vendors/tableExport/icon/word.png]
[swlabs.co/madmin/code/vendors/tableExport/icon/ppt.png]
[swlabs.co/madmin/code/vendors/tableExport/icon/pdf.png]
[swlabs.co/madmin/code/vendors/tableExport/tableExport.js]
[swlabs.co/madmin/code/vendors/tableExport/jquery.base64.js]
[swlabs.co/madmin/code/vendors/tableExport/html2canvas.js]
[swlabs.co/madmin/code/vendors/tableExport/jspdf/libs/sprintf.js]
[swlabs.co/madmin/code/vendors/tableExport/jspdf/jspdf.js]
[swlabs.co/madmin/code/vendors/tableExport/jspdf/libs/base64.js]
[swlabs.co/madmin/code/table-export.html]
[swlabs.co/madmin/code/vendors/DataTables/media/js/jquery.dataTables.js]
[swlabs.co/madmin/code/vendors/DataTables/media/js/dataTables.bootstrap.js]
[swlabs.co/madmin/code/vendors/DataTables/jquery.jeditable.js]
[swlabs.co/madmin/code/js/table-editable.js]
[swlabs.co/madmin/code/table-editable.html]
[swlabs.co/madmin/code/vendors/DataTables/extensions/TableTools/js/dataTables.tableTools.min.js]
[swlabs.co/madmin/code/js/table-datatables.js]
[swlabs.co/madmin/code/table-datatables.html]
[swlabs.co/madmin/code/js/table-sample.js]
[swlabs.co/madmin/code/table-sample.html]
[swlabs.co/madmin/code/vendors/jplist/html/img/thumbs/arch-2.jpg]
[swlabs.co/madmin/code/vendors/jplist/html/img/thumbs/autumn-1.jpg]
[swlabs.co/madmin/code/vendors/jplist/html/img/thumbs/boats-1.jpg]
[swlabs.co/madmin/code/vendors/jplist/html/img/thumbs/arch-1.jpg]
[swlabs.co/madmin/code/vendors/jplist/html/img/thumbs/book-1.jpg]
[swlabs.co/madmin/code/vendors/jplist/html/img/thumbs/business-1.jpg]
[swlabs.co/madmin/code/vendors/jplist/html/img/thumbs/calendar-1.jpg]
[swlabs.co/madmin/code/vendors/jplist/html/img/thumbs/car-1.jpg]
[swlabs.co/madmin/code/vendors/jplist/html/img/thumbs/christmas-1.jpg]
[swlabs.co/madmin/code/vendors/jplist/html/img/thumbs/christmas-2.jpg]
[swlabs.co/madmin/code/vendors/jplist/html/img/thumbs/christmas-3.jpg]
[swlabs.co/madmin/code/vendors/jplist/html/img/thumbs/city-1.jpg]
[swlabs.co/madmin/code/vendors/jplist/html/img/thumbs/city-2.jpg]
[swlabs.co/madmin/code/vendors/jplist/html/img/thumbs/coffee-grass.jpg]
[swlabs.co/madmin/code/vendors/jplist/html/img/thumbs/coins.jpg]
[swlabs.co/madmin/code/vendors/jplist/html/img/thumbs/crayons.jpg]
[swlabs.co/madmin/code/vendors/jplist/html/img/thumbs/cupcakes.jpg]
[swlabs.co/madmin/code/vendors/jplist/html/img/thumbs/eggs-nest.jpg]
[swlabs.co/madmin/code/vendors/jplist/html/img/thumbs/flower-1.jpg]
[swlabs.co/madmin/code/vendors/jplist/html/img/thumbs/flower-2.jpg]
[swlabs.co/madmin/code/vendors/jplist/html/img/thumbs/flower-3.jpg]
[swlabs.co/madmin/code/vendors/jplist/html/img/thumbs/fountain.jpg]
[swlabs.co/madmin/code/vendors/jplist/html/img/thumbs/leaves.jpg]
[swlabs.co/madmin/code/vendors/jplist/html/img/thumbs/lichterman.jpg]
[swlabs.co/madmin/code/vendors/jplist/html/img/thumbs/pinecone.jpg]
[swlabs.co/madmin/code/vendors/jplist/html/img/thumbs/river-1.jpg]
[swlabs.co/madmin/code/vendors/jplist/html/img/thumbs/river-2.jpg]
[swlabs.co/madmin/code/vendors/jplist/html/img/thumbs/sunset-1.jpg]
[swlabs.co/madmin/code/vendors/jplist/html/img/thumbs/tree.jpg]
[swlabs.co/madmin/code/vendors/jplist/html/img/thumbs/winter-1.jpg]
[swlabs.co/madmin/code/vendors/jplist/html/img/thumbs/winter-2.jpg]
[swlabs.co/madmin/code/vendors/jplist/html/img/thumbs/winter-sun.jpg]
[swlabs.co/madmin/code/vendors/jplist/html/img/thumbs/woodstump.jpg]
[swlabs.co/madmin/code/vendors/jplist/html/js/vendor/modernizr.min.js]
[swlabs.co/madmin/code/vendors/jplist/html/js/jplist.min.js]
[swlabs.co/madmin/code/js/jplist.js]
[swlabs.co/madmin/code/grid-layout-div.html]
[swlabs.co/madmin/code/grid-layout-table-1.html]
[swlabs.co/madmin/code/grid-layout-table-2.html]
[swlabs.co/madmin/code/grid-layout-2-table.html]
[swlabs.co/madmin/code/vendors/jplist/html/img/thumbs-450/arch-1.jpg]
[swlabs.co/madmin/code/vendors/jplist/html/img/thumbs-450/arch-2.jpg]
[swlabs.co/madmin/code/vendors/jplist/html/img/thumbs-450/autumn-1.jpg]
[swlabs.co/madmin/code/vendors/jplist/html/img/thumbs-450/boats.jpg]
[swlabs.co/madmin/code/vendors/jplist/html/img/thumbs-450/book-1.jpg]
[swlabs.co/madmin/code/vendors/jplist/html/img/thumbs-450/business-1.jpg]
[swlabs.co/madmin/code/vendors/jplist/html/img/thumbs-450/calendar-1.jpg]
[swlabs.co/madmin/code/vendors/jplist/html/img/thumbs-450/car-1.jpg]
[swlabs.co/madmin/code/vendors/jplist/html/img/thumbs-450/christmas-1.jpg]
[swlabs.co/madmin/code/vendors/jplist/html/img/thumbs-450/christmas-2.jpg]
[swlabs.co/madmin/code/vendors/jplist/html/img/thumbs-450/christmas-3.jpg]
[swlabs.co/madmin/code/vendors/jplist/html/img/thumbs-450/city-1.jpg]
[swlabs.co/madmin/code/vendors/jplist/html/img/thumbs-450/city-2.jpg]
[swlabs.co/madmin/code/vendors/jplist/html/img/thumbs-450/coffee-grass.jpg]
[swlabs.co/madmin/code/vendors/jplist/html/img/thumbs-450/coins.jpg]
[swlabs.co/madmin/code/vendors/jplist/html/img/thumbs-450/crayons.jpg]
[swlabs.co/madmin/code/vendors/jplist/html/img/thumbs-450/cupcakes.jpg]
[swlabs.co/madmin/code/vendors/jplist/html/img/thumbs-450/eggs-nest.jpg]
[swlabs.co/madmin/code/vendors/jplist/html/img/thumbs-450/flower-1.jpg]
[swlabs.co/madmin/code/vendors/jplist/html/img/thumbs-450/flower-2.jpg]
[swlabs.co/madmin/code/vendors/jplist/html/img/thumbs-450/flower-3.jpg]
[swlabs.co/madmin/code/vendors/jplist/html/img/thumbs-450/fountain.jpg]
[swlabs.co/madmin/code/vendors/jplist/html/img/thumbs-450/leaves.jpg]
[swlabs.co/madmin/code/vendors/jplist/html/img/thumbs-450/lichterman.jpg]
[swlabs.co/madmin/code/vendors/jplist/html/img/thumbs-450/pinecone.jpg]
[swlabs.co/madmin/code/vendors/jplist/html/img/thumbs-450/river-1.jpg]
[swlabs.co/madmin/code/vendors/jplist/html/img/thumbs-450/river-2.jpg]
[swlabs.co/madmin/code/vendors/jplist/html/img/thumbs-450/sunset-1.jpg]
[swlabs.co/madmin/code/vendors/jplist/html/img/thumbs-450/tree.jpg]
[swlabs.co/madmin/code/vendors/jplist/html/img/thumbs-450/winter-1.jpg]
[swlabs.co/madmin/code/vendors/jplist/html/img/thumbs-450/winter-2.jpg]
[swlabs.co/madmin/code/vendors/jplist/html/img/thumbs-450/winter-sun.jpg]
[swlabs.co/madmin/code/vendors/jplist/html/img/thumbs-450/woodstump.jpg]
[swlabs.co/madmin/code/grid-layout-ul-li.html]
[swlabs.co/madmin/code/grid-filter-with-ul-li.html]
[swlabs.co/madmin/code/grid-filter-with-select.html]
[swlabs.co/madmin/code/grid-double-sort.html]
[swlabs.co/madmin/code/grid-deep-linking.html]
[swlabs.co/madmin/code/grid-pagination-only.html]
[swlabs.co/madmin/code/grid-without-item-per-page.html]
[swlabs.co/madmin/code/grid-hidden-sort.html]
[swlabs.co/madmin/code/grid-range-slider.html]
[swlabs.co/madmin/code/grid-datepicker.html]
[swlabs.co/madmin/code/images/gallery/5.jpg]
[swlabs.co/madmin/code/images/gallery/16.jpg]
[swlabs.co/madmin/code/images/gallery/4.jpg]
[swlabs.co/madmin/code/images/gallery/6.jpg]
[swlabs.co/madmin/code/images/gallery/14.jpg]
[swlabs.co/madmin/code/images/gallery/7.jpg]
[swlabs.co/madmin/code/images/gallery/8.jpg]
[swlabs.co/madmin/code/images/gallery/15.jpg]
[swlabs.co/madmin/code/vendors/mixitup/src/jquery.mixitup.js]
[swlabs.co/madmin/code/js/page-gallery.js]
[swlabs.co/madmin/code/page-gallery.html]
[s3.amazonaws.com/uifaces/faces/twitter/uxceo/128.jpg]
[s3.amazonaws.com/uifaces/faces/twitter/loschinin/128.jpg]
[swlabs.co/madmin/code/page-timeline.html]
[swlabs.co/madmin/code/page-blog.html]
[swlabs.co/madmin/code/page-about.html]
[swlabs.co/madmin/code/vendors/gmaps/gmaps.js]
[swlabs.co/madmin/code/js/page-contact.js]
[swlabs.co/madmin/code/page-contact.html]
[swlabs.co/madmin/code/js/extra-signup.js]
[swlabs.co/madmin/code/extra-signup.html]
[swlabs.co/madmin/code/extra-invoice.html]
[swlabs.co/madmin/code/extra-faq.html]
[swlabs.co/madmin/code/extra-pricing-table.html]
[swlabs.co/madmin/code/extra-blank.html]
[swlabs.co/madmin/code/extra-404.html]
[swlabs.co/madmin/code/extra-500.html]
[swlabs.co/madmin/code/email-compose-mail.html]
[swlabs.co/madmin/code/js/email-compose-mail.js]
[swlabs.co/madmin/code/js/charts-flotchart.js]
[swlabs.co/madmin/code/charts-flotchart.html]
[swlabs.co/madmin/code/vendors/chart.js/Chart.min.js]
[swlabs.co/madmin/code/js/charts-chartjs.js]
[swlabs.co/madmin/code/charts-chartjs.html]
[swlabs.co/madmin/code/vendors/jquery-highcharts/exporting.js]
[swlabs.co/madmin/code/js/charts-highchart-line.js]
[swlabs.co/madmin/code/charts-highchart-line.html]
[swlabs.co/madmin/code/vendors/jquery-highcharts/highcharts-more.js]
[swlabs.co/madmin/code/js/charts-highchart-area.js]
[swlabs.co/madmin/code/charts-highchart-area.html]
[swlabs.co/madmin/code/vendors/jquery-highcharts/data.js]
[swlabs.co/madmin/code/vendors/jquery-highcharts/drilldown.js]
[swlabs.co/madmin/code/js/charts-highchart-column-bar.js]
[swlabs.co/madmin/code/charts-highchart-column-bar.html]
[swlabs.co/madmin/code/js/charts-highchart-pie.js]
[swlabs.co/madmin/code/charts-highchart-pie.html]
[swlabs.co/madmin/code/js/charts-highchart-scatter-bubble.js]
[swlabs.co/madmin/code/charts-highchart-scatter-bubble.html]
[swlabs.co/madmin/code/js/charts-highchart-dynamic.js]
[swlabs.co/madmin/code/charts-highchart-dynamic.html]
[swlabs.co/madmin/code/js/charts-highchart-combinations.js]
[swlabs.co/madmin/code/charts-highchart-combinations.html]
[swlabs.co/madmin/code/vendors/jquery-highcharts/highchart.js]
[swlabs.co/madmin/code/vendors/jquery-highcharts/funnel.js]
[swlabs.co/madmin/code/js/charts-highchart-more.js]
[swlabs.co/madmin/code/charts-highchart-more.html]
[swlabs.co/madmin/code/js/animation.js]
[swlabs.co/madmin/code/animations.html]
[swlabs.co/madmin/code/vendors/font-awesome/fonts/fontawesome-webfont862f.svg]
[swlabs.co/madmin/code/vendors/bootstrap/fonts/glyphicons-halflings-regular.svg]
[swlabs.co/madmin/code/vendors/iCheck/skins/minimal/minimal.png]
[swlabs.co/madmin/code/vendors/iCheck/skins/minimal/minimal@2x.png]
[swlabs.co/madmin/code/vendors/iCheck/skins/minimal/red.png]
[swlabs.co/madmin/code/vendors/iCheck/skins/minimal/red@2x.png]
[swlabs.co/madmin/code/vendors/iCheck/skins/minimal/green.png]
[swlabs.co/madmin/code/vendors/iCheck/skins/minimal/green@2x.png]
[swlabs.co/madmin/code/vendors/iCheck/skins/minimal/blue.png]
[swlabs.co/madmin/code/vendors/iCheck/skins/minimal/blue@2x.png]
[swlabs.co/madmin/code/vendors/iCheck/skins/minimal/aero.png]
[swlabs.co/madmin/code/vendors/iCheck/skins/minimal/aero@2x.png]
[swlabs.co/madmin/code/vendors/iCheck/skins/minimal/grey.png]
[swlabs.co/madmin/code/vendors/iCheck/skins/minimal/grey@2x.png]
[swlabs.co/madmin/code/vendors/iCheck/skins/minimal/orange.png]
[swlabs.co/madmin/code/vendors/iCheck/skins/minimal/orange@2x.png]
[swlabs.co/madmin/code/vendors/iCheck/skins/minimal/yellow.png]
[swlabs.co/madmin/code/vendors/iCheck/skins/minimal/yellow@2x.png]
[swlabs.co/madmin/code/vendors/iCheck/skins/minimal/pink.png]
[swlabs.co/madmin/code/vendors/iCheck/skins/minimal/pink@2x.png]
[swlabs.co/madmin/code/vendors/iCheck/skins/minimal/purple.png]
[swlabs.co/madmin/code/vendors/iCheck/skins/minimal/purple@2x.png]
[swlabs.co/madmin/code/vendors/iCheck/skins/minimal/all.css]
[swlabs.co/madmin/code/vendors/iCheck/skins/square/square.png]
[swlabs.co/madmin/code/vendors/iCheck/skins/square/square@2x.png]
[swlabs.co/madmin/code/vendors/iCheck/skins/square/red.png]
[swlabs.co/madmin/code/vendors/iCheck/skins/square/red@2x.png]
[swlabs.co/madmin/code/vendors/iCheck/skins/square/green.png]
[swlabs.co/madmin/code/vendors/iCheck/skins/square/green@2x.png]
[swlabs.co/madmin/code/vendors/iCheck/skins/square/blue.png]
[swlabs.co/madmin/code/vendors/iCheck/skins/square/blue@2x.png]
[swlabs.co/madmin/code/vendors/iCheck/skins/square/aero.png]
[swlabs.co/madmin/code/vendors/iCheck/skins/square/aero@2x.png]
[swlabs.co/madmin/code/vendors/iCheck/skins/square/grey.png]
[swlabs.co/madmin/code/vendors/iCheck/skins/square/grey@2x.png]
[swlabs.co/madmin/code/vendors/iCheck/skins/square/orange.png]
[swlabs.co/madmin/code/vendors/iCheck/skins/square/orange@2x.png]
[swlabs.co/madmin/code/vendors/iCheck/skins/square/yellow.png]
[swlabs.co/madmin/code/vendors/iCheck/skins/square/yellow@2x.png]
[swlabs.co/madmin/code/vendors/iCheck/skins/square/pink.png]
[swlabs.co/madmin/code/vendors/iCheck/skins/square/pink@2x.png]
[swlabs.co/madmin/code/vendors/iCheck/skins/square/purple.png]
[swlabs.co/madmin/code/vendors/iCheck/skins/square/purple@2x.png]
[swlabs.co/madmin/code/vendors/iCheck/skins/square/all.css]
[swlabs.co/madmin/code/vendors/iCheck/skins/flat/flat.png]
[swlabs.co/madmin/code/vendors/iCheck/skins/flat/flat@2x.png]
[swlabs.co/madmin/code/vendors/iCheck/skins/flat/red.png]
[swlabs.co/madmin/code/vendors/iCheck/skins/flat/red@2x.png]
[swlabs.co/madmin/code/vendors/iCheck/skins/flat/green.png]
[swlabs.co/madmin/code/vendors/iCheck/skins/flat/green@2x.png]
[swlabs.co/madmin/code/vendors/iCheck/skins/flat/blue.png]
[swlabs.co/madmin/code/vendors/iCheck/skins/flat/blue@2x.png]
[swlabs.co/madmin/code/vendors/iCheck/skins/flat/aero.png]
[swlabs.co/madmin/code/vendors/iCheck/skins/flat/aero@2x.png]
[swlabs.co/madmin/code/vendors/iCheck/skins/flat/grey.png]
[swlabs.co/madmin/code/vendors/iCheck/skins/flat/grey@2x.png]
[swlabs.co/madmin/code/vendors/iCheck/skins/flat/orange.png]
[swlabs.co/madmin/code/vendors/iCheck/skins/flat/orange@2x.png]
[swlabs.co/madmin/code/vendors/iCheck/skins/flat/yellow.png]
[swlabs.co/madmin/code/vendors/iCheck/skins/flat/yellow@2x.png]
[swlabs.co/madmin/code/vendors/iCheck/skins/flat/pink.png]
[swlabs.co/madmin/code/vendors/iCheck/skins/flat/pink@2x.png]
[swlabs.co/madmin/code/vendors/iCheck/skins/flat/purple.png]
[swlabs.co/madmin/code/vendors/iCheck/skins/flat/purple@2x.png]
[swlabs.co/madmin/code/vendors/iCheck/skins/flat/all.css]
[swlabs.co/madmin/code/vendors/iCheck/skins/line/line.png]
[swlabs.co/madmin/code/vendors/iCheck/skins/line/line@2x.png]
[swlabs.co/madmin/code/vendors/iCheck/skins/line/all.css]
[swlabs.co/madmin/code/vendors/iCheck/skins/polaris/polaris.png]
[swlabs.co/madmin/code/vendors/iCheck/skins/polaris/polaris@2x.png]
[swlabs.co/madmin/code/vendors/iCheck/skins/polaris/polaris.css]
[swlabs.co/madmin/code/vendors/iCheck/skins/futurico/futurico.png]
[swlabs.co/madmin/code/vendors/iCheck/skins/futurico/futurico@2x.png]
[swlabs.co/madmin/code/vendors/iCheck/skins/futurico/futurico.css]
[swlabs.co/madmin/code/css/images/icons/loading.html]
[s3.amazonaws.com/uifaces/faces/twitter/manoukvdberg/128.jpg]
[s3.amazonaws.com/uifaces/faces/twitter/tomaslau/128.jpg]
[swlabs.co/madmin/code/vendors/lightbox/img/close.png]
[swlabs.co/madmin/code/vendors/lightbox/img/loading.gif]
[swlabs.co/madmin/code/vendors/lightbox/img/prev.png]
[swlabs.co/madmin/code/vendors/lightbox/img/next.png]
[swlabs.co/madmin/code/vendors/lightbox/css/lightbox.css]
[swlabs.co/madmin/code/vendors/bootstrap-datepicker/css/datepicker.css]
[swlabs.co/madmin/code/vendors/fullcalendar/fullcalendar.css]
[swlabs.co/madmin/code/vendors/fullcalendar/fullcalendar.print.css]
[swlabs.co/madmin/code/vendors/jquery-ui-1.10.3.custom/css/ui-lightness/jquery-ui-1.10.3.custom.html]
[swlabs.co/madmin/code/css/themes/style1/pink-blue.css]
[swlabs.co/madmin/code/images/favicon.html]
[swlabs.co/madmin/code/undefined.html]
[swlabs.co/images/icon/preloader.gif]
[swlabs.co/images/upload/1.jpg]
[swlabs.co/images/upload/2.jpg]
[swlabs.co/images/upload/3.jpg]
[swlabs.co/images/team/team1.jpg]
[swlabs.co/images/team/team2.jpg]
[swlabs.co/images/team/team3.jpg]
[swlabs.co/images/team/team4.jpg]
[swlabs.co/images/team/team5.jpg]
[swlabs.co/images/team/team6.jpg]
[swlabs.co/images/feature/feature1.png]
[swlabs.co/images/portfolio/portfolio1.jpg]
[swlabs.co/images/portfolio/portfolio2.jpg]
[swlabs.co/images/portfolio/portfolio3.jpg]
[swlabs.co/images/portfolio/portfolio4.jpg]
[swlabs.co/images/portfolio/portfolio5.jpg]
[swlabs.co/images/portfolio/portfolio6.jpg]
[swlabs.co/images/portfolio/portfolio7.jpg]
[swlabs.co/images/portfolio/portfolio8.jpg]
[swlabs.co/madmin/code/vendors/isotope/dist/isotope.pkgd.min.js]
[swlabs.co/madmin/code/vendors/jquery.hoverdir.js]
[swlabs.co/madmin/code/vendors/modernizr.custom.97074.js]
[swlabs.co/madmin/code/vendors/jquery-lightbox/js/lightbox.min.js]
[swlabs.co/madmin/code/vendors/owl-carousel/owl-carousel/owl.carousel.min.js]
[swlabs.co/madmin/code/vendors/jquery-circliful/js/jquery.circliful.min.js]
[swlabs.co/madmin/code/js/jquery-text-effect.js]
[swlabs.co/madmin/code/js/frontend-one-page.js]
[swlabs.co/madmin/code/frontend/one-page.html]
[swlabs.co/madmin/code/frontend/assets/plugins/jquery-backstretch/jquery.backstretch.min.js]
[swlabs.co/madmin/code/frontend/assets/js/one-page_slider.js]
[swlabs.co/madmin/code/frontend/one-page_2.html]
[swlabs.co/madmin/code/frontend/one-page_3.html]
[swlabs.co/madmin/code/frontend/assets/plugins/jquery-videoBG/jquery.videoBG.js]
[swlabs.co/madmin/code/frontend/assets/js/one-page_video.js]
[swlabs.co/madmin/code/frontend/one-page_4.html]
[swlabs.co/madmin/code/frontend/assets/js/jquery.appear.js]
[swlabs.co/madmin/code/frontend/assets/plugins/jquery-wow/wow.min.js]
[swlabs.co/madmin/code/frontend/assets/js/one-page_animated.js]
[swlabs.co/madmin/code/frontend/one-page_animated.html]
[swlabs.co/madmin/code/frontend/one-page_2_animated.html]
[swlabs.co/madmin/code/frontend/one-page_3_animated.html]
[swlabs.co/madmin/code/frontend/one-page_4_animated.html]
[swlabs.co/madmin/code/frontend/one-page_dark.html]
[swlabs.co/madmin/code/frontend/one-page_2_dark.html]
[swlabs.co/madmin/code/frontend/one-page_3_dark.html]
[swlabs.co/madmin/code/frontend/one-page_4_dark.html]
[swlabs.co/madmin/code/frontend/one-page_animated_dark.html]
[swlabs.co/madmin/code/frontend/one-page_2_animated_dark.html]
[swlabs.co/madmin/code/frontend/one-page_3_animated_dark.html]
[swlabs.co/madmin/code/frontend/one-page_4_animated_dark.html]
[swlabs.co/madmin/code/layout-left-sidebar-collasped.html]
[swlabs.co/madmin/code/layout-right-sidebar-collasped.html]
[swlabs.co/madmin/code/vendors/bootstrap-progressbar/css/bootstrap-progressbar-3.1.1.min.css]
[swlabs.co/madmin/code/vendors/ion.rangeSlider/css/ion.rangeSlider.css]
[swlabs.co/madmin/code/vendors/nouislider/jquery.nouislider.css]
[swlabs.co/madmin/code/vendors/pageloader/pageloader.css]
[swlabs.co/madmin/code/vendors/bootstrap-markdown/css/bootstrap-markdown.min.css]
[swlabs.co/madmin/code/vendors/bootstrap-wysihtml5/bootstrap3-wysihtml5.min.css]
[swlabs.co/madmin/code/vendors/summernote/summernote.css]
[swlabs.co/madmin/code/vendors/jquery-nestable/nestable.css]
[swlabs.co/madmin/code/vendors/select2/select2.png]
[swlabs.co/madmin/code/vendors/select2/select2-spinner.gif]
[swlabs.co/madmin/code/vendors/select2/select2x2.png]
[swlabs.co/madmin/code/vendors/select2/select2-madmin.css]
[swlabs.co/madmin/code/vendors/bootstrap-select/bootstrap-select.min.css]
[swlabs.co/madmin/code/vendors/multi-select/img/switch.png]
[swlabs.co/madmin/code/vendors/multi-select/css/multi-select-madmin.css]
[swlabs.co/madmin/code/vendors/jquery-toastr/toastr.min.css]
[swlabs.co/madmin/code/vendors/jstree/dist/themes/default/style.min.css]
[swlabs.co/madmin/code/vendors/jquery-treetable/stylesheets/jquery.treetable.css]
[swlabs.co/madmin/code/vendors/jquery-treetable/stylesheets/jquery.treetable.theme.custom.css]
[swlabs.co/madmin/code/vendors/bootstrap-colorpicker/img/saturation.png]
[swlabs.co/madmin/code/vendors/bootstrap-colorpicker/img/hue.png]
[swlabs.co/madmin/code/vendors/bootstrap-colorpicker/img/alpha.png]
[swlabs.co/madmin/code/vendors/bootstrap-colorpicker/css/colorpicker.css]
[swlabs.co/madmin/code/vendors/bootstrap-datetimepicker/build/css/bootstrap-datetimepicker.min.css]
[swlabs.co/madmin/code/vendors/bootstrap-timepicker/css/bootstrap-timepicker.min.css]
[swlabs.co/madmin/code/vendors/bootstrap-clockface/css/clockface.css]
[swlabs.co/madmin/code/vendors/bootstrap-switch/css/bootstrap-switch.css]
[swlabs.co/madmin/code/vendors/x-editable/select2/lib/select2.png]
[swlabs.co/madmin/code/vendors/x-editable/select2/lib/select2-spinner.gif]
[swlabs.co/madmin/code/vendors/x-editable/select2/lib/select2x2.png]
[swlabs.co/madmin/code/vendors/x-editable/select2/lib/select2-madmin.css]
[swlabs.co/madmin/code/vendors/x-editable/bootstrap3-editable/img/loading.gif]
[swlabs.co/madmin/code/vendors/x-editable/bootstrap3-editable/img/clear.png]
[swlabs.co/madmin/code/vendors/x-editable/bootstrap3-editable/css/bootstrap-editable.css]
[swlabs.co/madmin/code/vendors/x-editable/inputs-ext/address/address.css]
[swlabs.co/madmin/code/vendors/jquery-bootstrap-wizard/custom.css]
[swlabs.co/madmin/code/vendors/jquery-steps/css/jquery.steps.css]
[swlabs.co/madmin/code/vendors/jquery-file-upload/css/jquery.fileupload.css]
[swlabs.co/madmin/code/vendors/jquery-file-upload/img/progressbar.gif]
[swlabs.co/madmin/code/vendors/jquery-file-upload/img/loading.gif]
[swlabs.co/madmin/code/vendors/jquery-file-upload/css/jquery.fileupload-ui.css]
[swlabs.co/madmin/code/vendors/jquery-file-upload/css/blueimp-gallery.min.css]
[swlabs.co/madmin/code/vendors/dropzone/images/spritemap.png]
[swlabs.co/madmin/code/vendors/dropzone/images/spritemap@2x.png]
[swlabs.co/madmin/code/vendors/dropzone/css/dropzone.css]
[swlabs.co/madmin/code/vendors/bootstrap-datepicker/css/datepicker3.css]
[swlabs.co/madmin/code/vendors/jquery-tablesorter/themes/blue/sort_both.png]
[swlabs.co/madmin/code/vendors/jquery-tablesorter/themes/blue/sort_asc.png]
[swlabs.co/madmin/code/vendors/jquery-tablesorter/themes/blue/sort_desc.png]
[swlabs.co/madmin/code/vendors/jquery-tablesorter/themes/blue/style-custom.css]
[swlabs.co/madmin/code/js/table-export.js]
[swlabs.co/madmin/code/vendors/DataTables/media/images/sort_both.png]
[swlabs.co/madmin/code/vendors/DataTables/media/images/sort_asc.png]
[swlabs.co/madmin/code/vendors/DataTables/media/images/sort_desc.png]
[swlabs.co/madmin/code/vendors/DataTables/media/images/sort_asc_disabled.png]
[swlabs.co/madmin/code/vendors/DataTables/media/images/sort_desc_disabled.png]
[swlabs.co/madmin/code/vendors/DataTables/media/css/jquery.dataTables.css]
[swlabs.co/madmin/code/vendors/DataTables/media/css/dataTables.bootstrap.css]
[swlabs.co/madmin/code/vendors/DataTables/extensions/TableTools/images/collection.png]
[swlabs.co/madmin/code/vendors/DataTables/extensions/TableTools/images/collection_hover.png]
[swlabs.co/madmin/code/vendors/DataTables/extensions/TableTools/images/background.png]
[swlabs.co/madmin/code/vendors/DataTables/extensions/TableTools/css/dataTables.tableTools.min.css]
[swlabs.co/madmin/code/vendors/jplist/html/css/jplist-custom.css]
[swlabs.co/madmin/code/css/themes/style1/pink-violet.css]
[swlabs.co/madmin/code/js/jquery-1.9.1.html]
[swlabs.co/madmin/code/vendors/bootstrap-hover-dropdown.html]
[swlabs.co/madmin/code/frontend/images/icons/favicon.html]
[swlabs.co/madmin/code/frontend/images/icons/favicon-2.html]
[swlabs.co/madmin/code/frontend/images/icons/favicon-72x72.html]
[swlabs.co/madmin/code/frontend/images/icons/favicon-114x114.html]
[swlabs.co/madmin/code/vendors/jquery-lightbox/img/close.png]
[swlabs.co/madmin/code/vendors/jquery-lightbox/img/loading.gif]
[swlabs.co/madmin/code/vendors/jquery-lightbox/img/prev.png]
[swlabs.co/madmin/code/vendors/jquery-lightbox/img/next.png]
[swlabs.co/madmin/code/vendors/jquery-lightbox/css/lightbox.css]
[swlabs.co/madmin/code/vendors/owl-carousel/owl-carousel/grabbing.png]
[swlabs.co/madmin/code/vendors/owl-carousel/owl-carousel/owl.carousel.css]
[swlabs.co/madmin/code/vendors/owl-carousel/owl-carousel/AjaxLoader.gif]
[swlabs.co/madmin/code/vendors/owl-carousel/owl-carousel/owl.theme.css]
[swlabs.co/madmin/code/vendors/jquery-circliful/css/jquery.circliful.css]
[swlabs.co/images/background/bg_pattern2.png]
[swlabs.co/images/background/bg1.jpg]
[swlabs.co/images/background/bg_pattern1.png]
[swlabs.co/images/background/bg3.jpg]
[swlabs.co/images/background/bg5.jpg]
[swlabs.co/images/background/bg2.jpg]
[swlabs.co/madmin/code/css/frontend/one-page.css]
[swlabs.co/madmin/code/vendors/jquery-file-upload/img/error.html]
[swlabs.co/madmin/code/vendors/jquery-file-upload/img/play-pause.html]
[swlabs.co/madmin/code/vendors/jquery-file-upload/img/error-2.html]
[swlabs.co/madmin/code/vendors/jquery-file-upload/img/play-pause-2.html]
[swlabs.co/madmin/code/vendors/jquery-file-upload/img/video-play.html]
[swlabs.co/madmin/code/vendors/jquery-file-upload/img/video-play-2.html]
